 * Serving Flask app 'app'
 * Debug mode: off
python : WARNING: This is a development server. Do not use it in a production deployment. Use a production WSGI server instead.
At line:1 char:116
+ ... ion-System\Netflix-Recommendation-System'; python app.py 2>&1 | Tee-O ...
+                                                ~~~~~~~~~~~~~~~~~~
    + CategoryInfo          : NotSpecified: (WARNING: This i...server instead.:String) [], RemoteException
    + FullyQualifiedErrorId : NativeCommandError
 
 * Running on http://127.0.0.1:5000
Press CTRL+C to quit
